===============================================
   NCLua 1.3.229-2d631: tests/test-suite.log
===============================================

# TOTAL: 108
# PASS:  100
# SKIP:  0
# XFAIL: 4
# FAIL:  4
# XPASS: 0
# ERROR: 0

.. contents:: :depth: 2

FAIL: test-canvas-drawRoundRect
===============================

#1	----------------------------------------------------------------------
[0.001ms]	color:	0	220	4	101
[0.012ms]	draw:	fill	-34	63	-11	-6	32
#2	----------------------------------------------------------------------
[0.03ms]	color:	229	173	28	30
[0.035ms]	draw:	frame	4	62	5	64	125
#3	----------------------------------------------------------------------
[0.063ms]	color:	16	0	25	175
[0.068ms]	draw:	frame	12	61	52	35	19
#4	----------------------------------------------------------------------
[0.093ms]	color:	2	43	70	121
[0.097ms]	draw:	frame	64	-11	73	46	9
#5	----------------------------------------------------------------------
[0.12ms]	color:	184	8	90	210
[0.12ms]	draw:	frame	97	86	-13	-27	38
#6	----------------------------------------------------------------------
[0.14ms]	color:	182	205	137	42
[0.14ms]	draw:	frame	8	37	68	1	-59
#7	----------------------------------------------------------------------
[0.16ms]	color:	224	60	249	53
[0.16ms]	draw:	frame	-24	49	-36	53	89
#8	----------------------------------------------------------------------
[0.18ms]	color:	124	68	179	2
[0.18ms]	draw:	fill	-12	37	57	8	13
#9	----------------------------------------------------------------------
[0.23ms]	color:	173	213	46	130
[0.23ms]	draw:	fill	38	-35	0	42	39
#10	----------------------------------------------------------------------
[0.25ms]	color:	76	156	4	231
[0.25ms]	draw:	frame	-8	-13	-8	-31	36
#11	----------------------------------------------------------------------
[0.26ms]	color:	235	244	121	247
[0.27ms]	draw:	fill	-20	44	0	73	118
#12	----------------------------------------------------------------------
[0.31ms]	color:	99	19	214	14
[0.31ms]	draw:	fill	-40	97	36	-39	95
#13	----------------------------------------------------------------------
[0.32ms]	color:	58	105	186	142
[0.33ms]	draw:	frame	-12	-47	3	14	-34
#14	----------------------------------------------------------------------
[0.34ms]	color:	206	179	11	248
[0.34ms]	draw:	fill	31	57	49	-14	36
#15	----------------------------------------------------------------------
[0.35ms]	color:	250	36	242	211
[0.36ms]	draw:	frame	11	-45	-44	4	22
#16	----------------------------------------------------------------------
[0.37ms]	color:	187	180	57	50
[0.38ms]	draw:	frame	78	-30	15	33	93
#17	----------------------------------------------------------------------
[0.45ms]	color:	248	121	215	127
[0.46ms]	draw:	frame	65	-25	-48	-33	26
#18	----------------------------------------------------------------------
[0.47ms]	color:	127	147	150	203
[0.47ms]	draw:	fill	-15	-40	-28	81	34
#19	----------------------------------------------------------------------
[0.49ms]	color:	213	22	24	215
[0.49ms]	draw:	fill	83	93	98	25	-66
#20	----------------------------------------------------------------------
[0.51ms]	color:	101	241	162	149
[0.51ms]	draw:	fill	-47	41	-3	90	23
#21	----------------------------------------------------------------------
[0.52ms]	color:	57	196	117	199
[0.53ms]	draw:	fill	75	4	45	82	-64
#22	----------------------------------------------------------------------
[0.54ms]	color:	60	44	154	26
[0.54ms]	draw:	frame	8	40	40	14	-48
#23	----------------------------------------------------------------------
[0.56ms]	color:	187	224	124	189
[0.56ms]	draw:	fill	82	54	54	16	26
#24	----------------------------------------------------------------------
[0.58ms]	color:	158	191	151	99
[0.59ms]	draw:	fill	5	36	-49	65	53
#25	----------------------------------------------------------------------
[0.6ms]	color:	141	152	35	70
[0.6ms]	draw:	fill	44	25	37	-11	-35
#26	----------------------------------------------------------------------
[0.62ms]	color:	0	88	138	107
[0.62ms]	draw:	fill	25	-8	44	49	32
#27	----------------------------------------------------------------------
[0.68ms]	color:	233	229	10	104
[0.68ms]	draw:	frame	-32	76	70	34	109
#28	----------------------------------------------------------------------
[0.71ms]	color:	125	190	215	92
[0.71ms]	draw:	frame	61	-38	29	-47	76
#29	----------------------------------------------------------------------
[0.72ms]	color:	63	74	140	197
[0.73ms]	draw:	frame	96	50	52	74	-50
#30	----------------------------------------------------------------------
[0.74ms]	color:	97	95	210	143
[0.75ms]	draw:	frame	54	45	35	34	16
#31	----------------------------------------------------------------------
[0.78ms]	color:	27	81	138	107
[0.78ms]	draw:	fill	50	16	21	26	-60
#32	----------------------------------------------------------------------
[0.79ms]	color:	120	186	220	69
[0.79ms]	draw:	frame	8	32	34	-43	58
#33	----------------------------------------------------------------------
[0.81ms]	color:	215	192	247	124
[0.81ms]	draw:	frame	52	55	29	40	60
#34	----------------------------------------------------------------------
[0.84ms]	color:	19	114	91	36
[0.84ms]	draw:	frame	-41	-49	3	-11	137
#35	----------------------------------------------------------------------
[0.85ms]	color:	4	159	33	128
[0.85ms]	draw:	fill	88	85	33	-44	-16
#36	----------------------------------------------------------------------
[0.87ms]	color:	221	46	94	115
[0.87ms]	draw:	fill	22	58	65	-17	43
#37	----------------------------------------------------------------------
[0.95ms]	color:	152	233	195	141
[0.96ms]	draw:	frame	12	-34	31	6	119
#38	----------------------------------------------------------------------
[0.98ms]	color:	98	50	13	21
[0.99ms]	draw:	fill	10	-24	-14	50	-45
#39	----------------------------------------------------------------------
[1ms]	color:	214	20	206	19
[1ms]	draw:	frame	-33	88	41	92	51
#40	----------------------------------------------------------------------
[1ms]	color:	92	190	209	69
[1ms]	draw:	fill	-32	91	87	52	8
#41	----------------------------------------------------------------------
[1ms]	color:	1	66	242	136
[1ms]	draw:	frame	81	-8	-47	-42	77
#42	----------------------------------------------------------------------
[1.1ms]	color:	187	41	70	22
[1.1ms]	draw:	fill	20	5	5	-40	-13
#43	----------------------------------------------------------------------
[1.1ms]	color:	191	66	239	183
[1.1ms]	draw:	fill	-5	-33	95	36	14
#44	----------------------------------------------------------------------
[1.1ms]	color:	122	187	227	168
[1.1ms]	draw:	fill	47	88	98	62	26
#45	----------------------------------------------------------------------
[1.1ms]	color:	77	81	157	231
[1.1ms]	draw:	frame	-6	-19	-42	49	-68
#46	----------------------------------------------------------------------
[1.1ms]	color:	34	77	103	43
[1.1ms]	draw:	fill	15	30	-1	28	129
#47	----------------------------------------------------------------------
[1.2ms]	color:	104	137	188	173
[1.2ms]	draw:	fill	29	55	16	12	-21
#48	----------------------------------------------------------------------
[1.2ms]	color:	28	161	1	148
[1.2ms]	draw:	frame	0	57	-41	15	-17
#49	----------------------------------------------------------------------
[1.2ms]	color:	246	43	123	145
[1.2ms]	draw:	frame	18	27	-16	8	-16
#50	----------------------------------------------------------------------
[1.2ms]	color:	187	130	70	32
[1.2ms]	draw:	frame	71	-11	11	-8	-39
#51	----------------------------------------------------------------------
[1.2ms]	color:	118	144	201	99
[1.2ms]	draw:	fill	17	67	-31	38	22
#52	----------------------------------------------------------------------
[1.2ms]	color:	4	154	210	140
[1.2ms]	draw:	fill	30	-21	-41	33	110
#53	----------------------------------------------------------------------
[1.3ms]	color:	44	239	93	91
[1.3ms]	draw:	fill	93	67	-7	5	-34
#54	----------------------------------------------------------------------
[1.3ms]	color:	66	22	186	17
[1.3ms]	draw:	fill	52	62	90	94	130
#55	----------------------------------------------------------------------
[1.3ms]	color:	11	208	134	241
[1.3ms]	draw:	frame	-7	94	84	-43	66
#56	----------------------------------------------------------------------
[1.3ms]	color:	77	251	184	31
[1.3ms]	draw:	fill	-35	80	28	-46	62
#57	----------------------------------------------------------------------
[1.3ms]	color:	96	74	179	128
[1.3ms]	draw:	fill	80	10	45	28	61
#58	----------------------------------------------------------------------
[1.3ms]	color:	148	69	21	225
[1.3ms]	draw:	fill	18	4	-5	21	-4
#59	----------------------------------------------------------------------
[1.4ms]	color:	67	6	192	155
[1.4ms]	draw:	fill	1	-14	75	75	141
#60	----------------------------------------------------------------------
[1.5ms]	color:	240	195	84	108
[1.5ms]	draw:	frame	-13	97	-48	65	98
#61	----------------------------------------------------------------------
[1.5ms]	color:	190	244	5	46
[1.5ms]	draw:	fill	76	52	69	-48	10
#62	----------------------------------------------------------------------
[1.5ms]	color:	40	181	162	197
[1.5ms]	draw:	frame	67	24	98	-12	6
#63	----------------------------------------------------------------------
[1.5ms]	color:	185	197	31	84
[1.5ms]	draw:	fill	33	21	55	-50	101
#64	----------------------------------------------------------------------
[1.5ms]	color:	65	34	0	152
[1.5ms]	draw:	fill	69	-19	52	35	-32
#65	----------------------------------------------------------------------
[1.5ms]	color:	172	48	125	250
[1.5ms]	draw:	frame	33	10	29	87	138
#66	----------------------------------------------------------------------
[1.6ms]	color:	141	249	45	184
[1.6ms]	draw:	frame	-44	82	8	73	-23
#67	----------------------------------------------------------------------
[1.6ms]	color:	2	228	168	55
[1.6ms]	draw:	frame	68	90	94	53	137
#68	----------------------------------------------------------------------
[1.6ms]	color:	112	238	84	88
[1.6ms]	draw:	fill	48	24	15	91	28
#69	----------------------------------------------------------------------
[1.7ms]	color:	78	77	89	104
[1.7ms]	draw:	fill	19	58	-33	2	57
#70	----------------------------------------------------------------------
[1.7ms]	color:	243	16	122	6
[1.7ms]	draw:	frame	-39	-46	35	37	75
#71	----------------------------------------------------------------------
[1.7ms]	color:	47	10	59	14
[1.7ms]	draw:	fill	-22	25	98	59	-7
#72	----------------------------------------------------------------------
[1.7ms]	color:	10	45	164	107
[1.7ms]	draw:	frame	88	3	-21	58	-26
#73	----------------------------------------------------------------------
[1.7ms]	color:	3	41	123	103
[1.7ms]	draw:	frame	96	14	-5	90	-26
#74	----------------------------------------------------------------------
[1.7ms]	color:	166	230	203	196
[1.7ms]	draw:	fill	-1	24	80	23	100
#75	----------------------------------------------------------------------
[1.8ms]	color:	77	40	21	205
[1.8ms]	draw:	fill	-20	-38	83	30	119
#76	----------------------------------------------------------------------
[1.8ms]	color:	120	144	127	30
[1.8ms]	draw:	fill	-33	46	82	33	128
#77	----------------------------------------------------------------------
[1.8ms]	color:	231	171	220	209
[1.8ms]	draw:	fill	-35	43	-31	61	134
#78	----------------------------------------------------------------------
[1.8ms]	color:	137	207	92	84
[1.8ms]	draw:	frame	12	95	-1	-2	101
#79	----------------------------------------------------------------------
[1.9ms]	color:	230	253	77	21
[1.9ms]	draw:	fill	52	32	17	11	63
#80	----------------------------------------------------------------------
[1.9ms]	color:	125	244	48	201
[1.9ms]	draw:	fill	93	26	4	-5	43
#81	----------------------------------------------------------------------
[1.9ms]	color:	81	71	19	237
[1.9ms]	draw:	frame	-3	56	72	-8	-21
#82	----------------------------------------------------------------------
[1.9ms]	color:	162	17	232	227
[1.9ms]	draw:	frame	98	-15	-28	-30	-25
#83	----------------------------------------------------------------------
[2ms]	color:	129	145	88	180
[2ms]	draw:	fill	34	64	66	-30	102
#84	----------------------------------------------------------------------
[2ms]	color:	186	224	62	78
[2ms]	draw:	fill	17	82	-15	-3	-10
#85	----------------------------------------------------------------------
[2ms]	color:	85	125	209	238
[2ms]	draw:	frame	79	72	-2	22	-51
#86	----------------------------------------------------------------------
[2ms]	color:	140	89	36	237
[2ms]	draw:	frame	-43	-22	71	10	21
#87	----------------------------------------------------------------------
[2ms]	color:	28	189	135	33
[2ms]	draw:	frame	84	2	82	-13	94
#88	----------------------------------------------------------------------
[2.1ms]	color:	44	12	238	159
[2.1ms]	draw:	fill	-4	-4	25	32	-56
#89	----------------------------------------------------------------------
[2.1ms]	color:	65	87	101	115
[2.1ms]	draw:	frame	22	33	79	-6	39
#90	----------------------------------------------------------------------
[2.1ms]	color:	5	66	65	182
[2.1ms]	draw:	frame	35	-1	-8	-31	86
#91	----------------------------------------------------------------------
[2.1ms]	color:	183	160	134	4
[2.1ms]	draw:	frame	-20	38	-39	-38	122
#92	----------------------------------------------------------------------
[2.2ms]	color:	170	215	189	55
[2.2ms]	draw:	frame	76	-34	-37	36	5
#93	----------------------------------------------------------------------
[2.2ms]	color:	33	239	59	8
[2.2ms]	draw:	fill	11	-9	-6	-4	-58
#94	----------------------------------------------------------------------
[2.2ms]	color:	97	212	108	209
[2.2ms]	draw:	fill	29	58	80	66	28
#95	----------------------------------------------------------------------
[2.2ms]	color:	201	40	220	170
[2.2ms]	draw:	frame	-31	61	9	93	-28
#96	----------------------------------------------------------------------
[2.2ms]	color:	105	206	233	158
[2.2ms]	draw:	fill	-33	79	-6	21	113
#97	----------------------------------------------------------------------
[2.3ms]	color:	62	233	86	162
[2.3ms]	draw:	frame	83	9	11	3	-38
#98	----------------------------------------------------------------------
[2.3ms]	color:	18	0	80	155
[2.3ms]	draw:	frame	1	-36	-13	-44	-3
#99	----------------------------------------------------------------------
[2.3ms]	color:	202	144	112	146
[2.3ms]	draw:	fill	62	64	64	-49	88
#100	----------------------------------------------------------------------
[2.3ms]	color:	123	42	232	231
[2.3ms]	draw:	fill	43	24	-36	48	109
error: ./test-canvas-drawRoundRect.lua:87: assertion #1 failed!
FAIL test-canvas-drawRoundRect.lua (exit status: 1)

FAIL: test-canvas-drawText
==========================

error: ./test-canvas-drawText.lua:45: assertion #1 failed!
FAIL test-canvas-drawText.lua (exit status: 1)

FAIL: test-canvas-pixel
=======================

#1	----------------------------------------------------------------------
[0.002ms]	in:	30	35	0	220	4	255
[0.012ms]	out:	30	35	0	220	4	255
#2	----------------------------------------------------------------------
[0.03ms]	in:	20	19	31	173	30	255
[0.035ms]	out:	20	19	31	173	30	255
#3	----------------------------------------------------------------------
[0.048ms]	in:	23	24	229	173	28	255
[0.053ms]	out:	23	24	229	173	28	255
#4	----------------------------------------------------------------------
[0.067ms]	in:	38	55	0	0	0	0
[0.071ms]	out:	38	55	0	0	0	0
#5	----------------------------------------------------------------------
[0.083ms]	in:	40	26	16	0	25	255
[0.088ms]	out:	40	26	16	0	25	255
#6	----------------------------------------------------------------------
[0.1ms]	in:	46	23	30	5	173	255
[0.11ms]	out:	46	23	30	5	173	255
#7	----------------------------------------------------------------------
[0.12ms]	in:	50	44	0	0	0	0
[0.13ms]	out:	50	44	0	0	0	0
#8	----------------------------------------------------------------------
[0.14ms]	in:	25	40	58	243	224	255
[0.14ms]	out:	25	40	58	243	224	255
#9	----------------------------------------------------------------------
[0.15ms]	in:	11	40	184	8	90	255
[0.16ms]	out:	11	40	184	8	90	255
#10	----------------------------------------------------------------------
[0.17ms]	in:	1	15	58	17	204	255
[0.18ms]	out:	1	15	58	17	204	255
#11	----------------------------------------------------------------------
[0.19ms]	in:	35	10	182	205	137	255
[0.2ms]	out:	35	10	182	205	137	255
#12	----------------------------------------------------------------------
[0.21ms]	in:	27	40	0	6	182	255
[0.21ms]	out:	27	40	0	6	182	255
#13	----------------------------------------------------------------------
[0.23ms]	in:	46	54	0	0	0	0
[0.23ms]	out:	46	54	0	0	0	0
#14	----------------------------------------------------------------------
[0.24ms]	in:	3	2	75	148	41	255
[0.25ms]	out:	3	2	75	148	41	255
#15	----------------------------------------------------------------------
[0.26ms]	in:	-5	23	0	0	0	0
[0.27ms]	out:	-5	23	0	0	0	0
#16	----------------------------------------------------------------------
[0.28ms]	in:	35	39	151	96	179	255
[0.28ms]	out:	35	39	151	96	179	255
#17	----------------------------------------------------------------------
[0.29ms]	in:	-5	39	0	0	0	0
[0.3ms]	out:	-5	39	0	0	0	0
#18	----------------------------------------------------------------------
[0.31ms]	in:	31	1	105	175	224	255
[0.32ms]	out:	31	1	105	175	224	255
#19	----------------------------------------------------------------------
[0.33ms]	in:	32	12	76	156	4	255
[0.33ms]	out:	32	12	76	156	4	255
#20	----------------------------------------------------------------------
[0.35ms]	in:	25	2	55	93	45	255
[0.35ms]	out:	25	2	55	93	45	255
#21	----------------------------------------------------------------------
[0.36ms]	in:	48	-1	0	0	0	0
[0.37ms]	out:	48	-1	0	0	0	0
#22	----------------------------------------------------------------------
[0.38ms]	in:	31	29	161	235	148	255
[0.39ms]	out:	31	29	161	235	148	255
#23	----------------------------------------------------------------------
[0.4ms]	in:	7	5	99	19	214	255
[0.4ms]	out:	7	5	99	19	214	255
#24	----------------------------------------------------------------------
[0.47ms]	in:	35	36	179	119	22	255
[0.48ms]	out:	35	36	179	119	22	255
#25	----------------------------------------------------------------------
[0.49ms]	in:	7	20	58	105	186	255
[0.49ms]	out:	7	20	58	105	186	255
#26	----------------------------------------------------------------------
[0.53ms]	in:	23	45	117	8	70	255
[0.53ms]	out:	23	45	117	8	70	255
#27	----------------------------------------------------------------------
[0.54ms]	in:	49	9	206	179	11	255
[0.55ms]	out:	49	9	206	179	11	255
#28	----------------------------------------------------------------------
[0.56ms]	in:	49	25	222	104	187	255
[0.57ms]	out:	49	25	222	104	187	255
#29	----------------------------------------------------------------------
[0.59ms]	in:	12	54	0	0	0	0
[0.59ms]	out:	12	54	0	0	0	0
#30	----------------------------------------------------------------------
[0.6ms]	in:	21	1	25	136	252	255
[0.61ms]	out:	21	1	25	136	252	255
#31	----------------------------------------------------------------------
[0.63ms]	in:	43	30	187	180	57	255
[0.63ms]	out:	43	30	187	180	57	255
#32	----------------------------------------------------------------------
[0.65ms]	in:	10	54	0	0	0	0
[0.66ms]	out:	10	54	0	0	0	0
#33	----------------------------------------------------------------------
[0.67ms]	in:	56	28	0	0	0	0
[0.67ms]	out:	56	28	0	0	0	0
#34	----------------------------------------------------------------------
[0.68ms]	in:	10	35	109	249	17	255
[0.69ms]	out:	10	35	109	249	17	255
#35	----------------------------------------------------------------------
[0.7ms]	in:	4	11	127	147	150	255
[0.7ms]	out:	4	11	127	147	150	255
#36	----------------------------------------------------------------------
[0.73ms]	in:	19	42	197	88	206	255
[0.73ms]	out:	19	42	197	88	206	255
#37	----------------------------------------------------------------------
[0.74ms]	in:	16	19	213	22	24	255
[0.75ms]	out:	16	19	213	22	24	255
#38	----------------------------------------------------------------------
[0.76ms]	in:	55	19	0	0	0	0
[0.77ms]	out:	55	19	0	0	0	0
#39	----------------------------------------------------------------------
[0.78ms]	in:	14	43	101	241	162	255
[0.79ms]	out:	14	43	101	241	162	255
#40	----------------------------------------------------------------------
[0.8ms]	in:	36	35	196	42	173	255
[0.81ms]	out:	36	35	196	42	173	255
#41	----------------------------------------------------------------------
[0.82ms]	in:	0	39	57	196	117	255
[0.82ms]	out:	0	39	57	196	117	255
#42	----------------------------------------------------------------------
[0.83ms]	in:	25	-1	0	0	0	0
[0.84ms]	out:	25	-1	0	0	0	0
#43	----------------------------------------------------------------------
[0.87ms]	in:	19	54	0	0	0	0
[0.87ms]	out:	19	54	0	0	0	0
#44	----------------------------------------------------------------------
[0.89ms]	in:	9	34	235	22	222	255
[0.89ms]	out:	9	34	235	22	222	255
#45	----------------------------------------------------------------------
[0.9ms]	in:	54	15	0	0	0	0
[0.92ms]	out:	54	15	0	0	0	0
#46	----------------------------------------------------------------------
[5ms]	in:	19	4	30	151	27	255
[5ms]	out:	19	4	30	151	27	255
#47	----------------------------------------------------------------------
[5ms]	in:	28	13	158	191	151	255
[5.1ms]	out:	28	13	158	191	151	255
#48	----------------------------------------------------------------------
[5.1ms]	in:	25	28	147	252	176	255
[5.1ms]	out:	25	28	147	252	176	255
#49	----------------------------------------------------------------------
[5.1ms]	in:	-1	27	0	0	0	0
[5.1ms]	out:	-1	27	0	0	0	0
#50	----------------------------------------------------------------------
[5.1ms]	in:	30	41	235	222	7	255
[5.1ms]	out:	30	41	235	222	7	255
#51	----------------------------------------------------------------------
[5.1ms]	in:	36	9	0	88	138	255
[5.1ms]	out:	36	9	0	88	138	255
#52	----------------------------------------------------------------------
[5.2ms]	in:	-7	22	0	0	0	0
[5.2ms]	out:	-7	22	0	0	0	0
#53	----------------------------------------------------------------------
[5.2ms]	in:	33	30	233	229	10	255
[5.2ms]	out:	33	30	233	229	10	255
#54	----------------------------------------------------------------------
[5.2ms]	in:	50	22	0	0	0	0
[5.2ms]	out:	50	22	0	0	0	0
#55	----------------------------------------------------------------------
[5.2ms]	in:	21	2	125	190	215	255
[5.2ms]	out:	21	2	125	190	215	255
#56	----------------------------------------------------------------------
[5.3ms]	in:	45	-2	0	0	0	0
[5.3ms]	out:	45	-2	0	0	0	0
#57	----------------------------------------------------------------------
[5.3ms]	in:	-2	26	0	0	0	0
[5.3ms]	out:	-2	26	0	0	0	0
#58	----------------------------------------------------------------------
[5.3ms]	in:	49	21	144	214	184	255
[5.3ms]	out:	49	21	144	214	184	255
#59	----------------------------------------------------------------------
[5.3ms]	in:	8	34	97	95	210	255
[5.3ms]	out:	8	34	97	95	210	255
#60	----------------------------------------------------------------------
[5.3ms]	in:	36	10	190	90	14	255
[5.3ms]	out:	36	10	190	90	14	255
#61	----------------------------------------------------------------------
[5.3ms]	in:	36	47	27	81	138	255
[5.4ms]	out:	36	47	27	81	138	255
#62	----------------------------------------------------------------------
[5.4ms]	in:	25	15	41	230	113	255
[5.4ms]	out:	25	15	41	230	113	255
#63	----------------------------------------------------------------------
[5.4ms]	in:	-2	38	0	0	0	0
[5.4ms]	out:	-2	38	0	0	0	0
#64	----------------------------------------------------------------------
[5.4ms]	in:	1	17	68	188	169	255
[5.4ms]	out:	1	17	68	188	169	255
#65	----------------------------------------------------------------------
[5.5ms]	in:	53	2	0	0	0	0
[5.5ms]	out:	53	2	0	0	0	0
#66	----------------------------------------------------------------------
[5.5ms]	in:	39	2	98	112	218	255
[5.5ms]	out:	39	2	98	112	218	255
#67	----------------------------------------------------------------------
[5.5ms]	in:	29	56	0	0	0	0
[5.5ms]	out:	29	56	0	0	0	0
#68	----------------------------------------------------------------------
[5.5ms]	in:	42	43	195	226	218	255
[5.5ms]	out:	42	43	195	226	218	255
#69	----------------------------------------------------------------------
[5.5ms]	in:	-7	45	0	0	0	0
[5.5ms]	out:	-7	45	0	0	0	0
#70	----------------------------------------------------------------------
[5.6ms]	in:	9	5	56	155	112	255
[5.6ms]	out:	9	5	56	155	112	255
#71	----------------------------------------------------------------------
[5.6ms]	in:	44	47	221	46	94	255
[5.6ms]	out:	44	47	221	46	94	255
#72	----------------------------------------------------------------------
[5.6ms]	in:	18	11	9	73	183	255
[5.6ms]	out:	18	11	9	73	183	255
#73	----------------------------------------------------------------------
[5.6ms]	in:	6	42	152	233	195	255
[5.6ms]	out:	6	42	152	233	195	255
#74	----------------------------------------------------------------------
[5.6ms]	in:	12	-2	0	0	0	0
[5.6ms]	out:	12	-2	0	0	0	0
#75	----------------------------------------------------------------------
[5.6ms]	in:	14	33	98	50	13	255
[5.6ms]	out:	14	33	98	50	13	255
#76	----------------------------------------------------------------------
[5.7ms]	in:	5	23	176	63	250	255
[5.7ms]	out:	5	23	176	63	250	255
#77	----------------------------------------------------------------------
[5.7ms]	in:	12	0	214	20	206	255
[5.7ms]	out:	12	0	214	20	206	255
#78	----------------------------------------------------------------------
[5.7ms]	in:	0	29	204	87	160	255
[5.7ms]	out:	0	29	204	87	160	255
#79	----------------------------------------------------------------------
[5.7ms]	in:	-2	45	0	0	0	0
[5.7ms]	out:	-2	45	0	0	0	0
#80	----------------------------------------------------------------------
[5.7ms]	in:	56	12	0	0	0	0
[5.7ms]	out:	56	12	0	0	0	0
#81	----------------------------------------------------------------------
[5.7ms]	in:	1	42	1	66	242	255
[5.7ms]	out:	1	42	1	66	242	255
#82	----------------------------------------------------------------------
[5.8ms]	in:	46	30	16	131	96	255
[5.8ms]	out:	46	30	16	131	96	255
#83	----------------------------------------------------------------------
[5.8ms]	in:	15	11	187	41	70	255
[5.8ms]	out:	15	11	187	41	70	255
#84	----------------------------------------------------------------------
[5.8ms]	in:	13	19	223	136	163	255
[5.8ms]	out:	13	19	223	136	163	255
#85	----------------------------------------------------------------------
[5.8ms]	in:	48	11	191	66	239	255
[5.8ms]	out:	48	11	191	66	239	255
#86	----------------------------------------------------------------------
[5.8ms]	in:	-7	2	0	0	0	0
[5.8ms]	out:	-7	2	0	0	0	0
#87	----------------------------------------------------------------------
[5.8ms]	in:	33	17	122	187	227	255
[5.8ms]	out:	33	17	122	187	227	255
#88	----------------------------------------------------------------------
[5.9ms]	in:	38	33	75	169	232	255
[5.9ms]	out:	38	33	75	169	232	255
#89	----------------------------------------------------------------------
[5.9ms]	in:	32	18	77	81	157	255
[5.9ms]	out:	32	18	77	81	157	255
#90	----------------------------------------------------------------------
[5.9ms]	in:	19	8	108	226	169	255
[5.9ms]	out:	19	8	108	226	169	255
#91	----------------------------------------------------------------------
[5.9ms]	in:	36	5	34	77	103	255
[5.9ms]	out:	36	5	34	77	103	255
#92	----------------------------------------------------------------------
[5.9ms]	in:	49	18	213	145	18	255
[6ms]	out:	49	18	213	145	18	255
#93	----------------------------------------------------------------------
[6ms]	in:	38	45	104	137	188	255
[6ms]	out:	38	45	104	137	188	255
#94	----------------------------------------------------------------------
[6ms]	in:	39	47	81	141	20	255
[6ms]	out:	39	47	81	141	20	255
#95	----------------------------------------------------------------------
[6ms]	in:	13	38	28	161	1	255
[6ms]	out:	13	38	28	161	1	255
#96	----------------------------------------------------------------------
[6ms]	in:	47	3	177	133	108	255
[6ms]	out:	47	3	177	133	108	255
#97	----------------------------------------------------------------------
[6ms]	in:	10	46	246	43	123	255
[6ms]	out:	10	46	246	43	123	255
#98	----------------------------------------------------------------------
[6ms]	in:	0	44	244	171	47	255
[6.1ms]	out:	0	44	244	171	47	255
#99	----------------------------------------------------------------------
[6.1ms]	in:	25	54	0	0	0	0
[6.1ms]	out:	25	54	0	0	0	0
#100	----------------------------------------------------------------------
[6.1ms]	in:	1	51	0	0	0	0
[6.1ms]	out:	1	51	0	0	0	0
error: ./test-canvas-pixel.lua:92: assertion #1 failed!
FAIL test-canvas-pixel.lua (exit status: 1)

FAIL: test-event-init-timer
===========================

[0.002ms]	bad argument 'delay' (number expected, got nil)
[0.036ms]	bad argument 'func' (function expected, got nil)
[0.044ms]	bad argument 'delay' (number expected, got nil)
{
   1={
      end_time=1,
      cancel=function: 0x11d0a50,
      func=function: 0x11d02a0,
   },
   2={
      end_time=10,
      cancel=function: 0x11d0440,
      func=function: 0x11d0220,
   },
   3={
      end_time=20,
      cancel=function: 0x11d0750,
      func=function: 0x11d0220,
   },
   4={
      end_time=30,
      cancel=function: 0x11d0d40,
      func=function: 0x11d02e0,
   },
}
[0.14ms]	cycling for 15ms
[1.2ms]	f2 called at 1.002ms
[10ms]	f1 called at 10.003ms
[15ms]	cycling for 31ms
[39ms]	f3 called at 39.229ms
error: ./test-event-init-timer.lua:127: assertion #3 failed!
FAIL test-event-init-timer.lua (exit status: 1)

XFAIL: test-libnclua-open-x
===========================

#1	----------------------------------------------------------------------
**
ERROR:nclua.c:44:require: assertion failed: (!lua_isnil (L, -1))
XFAIL test-libnclua-open-x (exit status: 134)

XFAIL: test-libncluaw-at-panic-x
================================

#1	----------------------------------------------------------------------
PANIC: unprotected error in call to Lua API ([string "error ('catch error')"]:1: catch error)
XFAIL test-libncluaw-at-panic-x (exit status: 134)

XFAIL: test-libncluaw-event-clone-x
===================================

#1	----------------------------------------------------------------------
**
ERROR:ncluaw.c:192:ncluaw_event_clone: code should not be reached
XFAIL test-libncluaw-event-clone-x (exit status: 134)

XFAIL: test-libncluaw-event-free-x
==================================

#1	----------------------------------------------------------------------
**
ERROR:ncluaw.c:223:ncluaw_event_free: code should not be reached
XFAIL test-libncluaw-event-free-x (exit status: 134)

